// Jest Snapshot v1, https://goo.gl/fbAQLP

exports[`should take a snapshot 1`] = `
<div>
  <section
    class="makeStyles-formContainer-10"
  >
    <h4
      class="MuiTypography-root makeStyles-header-11 MuiTypography-h4"
    >
      Sign up
    </h4>
    <p
      class="makeStyles-formDescription-12"
    >
      Create your 100% free account and start searching for health facilities near you.
    </p>
    <form
      novalidate=""
    >
      <div
        class="makeStyles-inputContainer-13"
      >
        <div
          class="MuiFormControl-root MuiTextField-root MuiFormControl-fullWidth"
          data-testid="firstName"
        >
          <label
            class="MuiFormLabel-root MuiInputLabel-root MuiInputLabel-formControl MuiInputLabel-animated MuiInputLabel-shrink"
            data-shrink="true"
            for="standard-full-width"
            id="standard-full-width-label"
          >
            First Name
          </label>
          <div
            class="MuiInputBase-root MuiInput-root MuiInput-underline MuiInputBase-fullWidth MuiInput-fullWidth MuiInputBase-formControl MuiInput-formControl"
          >
            <input
              aria-invalid="false"
              class="MuiInputBase-input MuiInput-input"
              id="standard-full-width"
              name="firstName"
              placeholder="First Name"
              type="text"
              value=""
            />
          </div>
          
        </div>
      </div>
      <div
        class="makeStyles-inputContainer-13"
      >
        <div
          class="MuiFormControl-root MuiTextField-root MuiFormControl-fullWidth"
          data-testid="lastName"
        >
          <label
            class="MuiFormLabel-root MuiInputLabel-root MuiInputLabel-formControl MuiInputLabel-animated MuiInputLabel-shrink"
            data-shrink="true"
            for="standard-full-width"
            id="standard-full-width-label"
          >
            Last Name
          </label>
          <div
            class="MuiInputBase-root MuiInput-root MuiInput-underline MuiInputBase-fullWidth MuiInput-fullWidth MuiInputBase-formControl MuiInput-formControl"
          >
            <input
              aria-invalid="false"
              class="MuiInputBase-input MuiInput-input"
              id="standard-full-width"
              name="lastName"
              placeholder="Last Name"
              type="text"
              value=""
            />
          </div>
          
        </div>
      </div>
      <div
        class="makeStyles-inputContainer-13"
      >
        <div
          class="MuiFormControl-root MuiTextField-root MuiFormControl-fullWidth"
          data-testid="email"
        >
          <label
            class="MuiFormLabel-root MuiInputLabel-root MuiInputLabel-formControl MuiInputLabel-animated MuiInputLabel-shrink"
            data-shrink="true"
            for="standard-full-width"
            id="standard-full-width-label"
          >
            Email
          </label>
          <div
            class="MuiInputBase-root MuiInput-root MuiInput-underline MuiInputBase-fullWidth MuiInput-fullWidth MuiInputBase-formControl MuiInput-formControl"
          >
            <input
              aria-invalid="false"
              class="MuiInputBase-input MuiInput-input"
              id="standard-full-width"
              name="email"
              placeholder="email"
              type="email"
              value=""
            />
          </div>
          
        </div>
      </div>
      <div
        class="makeStyles-inputContainer-13"
      >
        <div
          class="MuiFormControl-root MuiTextField-root MuiFormControl-fullWidth"
          data-testid="password"
        >
          <label
            class="MuiFormLabel-root MuiInputLabel-root MuiInputLabel-formControl MuiInputLabel-animated MuiInputLabel-shrink"
            data-shrink="true"
            for="standard-full-width"
            id="standard-full-width-label"
          >
            Password
          </label>
          <div
            class="MuiInputBase-root MuiInput-root MuiInput-underline MuiInputBase-fullWidth MuiInput-fullWidth MuiInputBase-formControl MuiInput-formControl"
          >
            <input
              aria-invalid="false"
              class="MuiInputBase-input MuiInput-input"
              id="standard-full-width"
              name="password"
              placeholder="Password"
              type="password"
              value=""
            />
          </div>
          
        </div>
      </div>
      <div
        class="makeStyles-inputContainer-13"
      >
        <div
          class="MuiFormControl-root MuiTextField-root MuiFormControl-fullWidth"
          data-testid="confirmPassword"
        >
          <label
            class="MuiFormLabel-root MuiInputLabel-root MuiInputLabel-formControl MuiInputLabel-animated MuiInputLabel-shrink"
            data-shrink="true"
            for="standard-full-width"
            id="standard-full-width-label"
          >
            Confirm Password
          </label>
          <div
            class="MuiInputBase-root MuiInput-root MuiInput-underline MuiInputBase-fullWidth MuiInput-fullWidth MuiInputBase-formControl MuiInput-formControl"
          >
            <input
              aria-invalid="false"
              class="MuiInputBase-input MuiInput-input"
              id="standard-full-width"
              name="confirmPassword"
              placeholder="Confirm Password"
              type="password"
              value=""
            />
          </div>
          
        </div>
      </div>
      <button
        class="MuiButtonBase-root MuiButton-root MuiButton-contained Mui-disabled Mui-disabled"
        disabled=""
        tabindex="-1"
        type="button"
      >
        <span
          class="MuiButton-label"
        >
          Sign Up
        </span>
      </button>
    </form>
    <div
      class="makeStyles-enquiry-14"
    >
      Already have an account? 
      <button>
        Login
      </button>
    </div>
  </section>
</div>
`;
